// Jest Snapshot v1, https://goo.gl/fbAQLP

exports[`<Main /> should render the heading 1`] = `
<main
  class="styles__Wraper-sc-dzx1ao-0 jIdGty"
>
  <img
    alt="Imagem de u átomo com react avançado escrito ao lado"
    class="styles__Logo-sc-dzx1ao-1 dwiHcF"
    src="/img/logo.svg"
  />
  <h1
    class="styles__Title-sc-dzx1ao-2 hBQRUr"
  >
    React Avançado
  </h1>
  <h2
    class="styles__Description-sc-dzx1ao-3 cWfoFI"
  >
    Typescript, ReactJS, NextJS e Styled Components
  </h2>
  <img
    alt="Um desenvolvedor de frente para uma tela com código"
    class="styles__Ilustration-sc-dzx1ao-4 fcnPKt"
    src="img/hero-illustration.svg"
  />
</main>
`
